******************************************************************************
                  TI ARM Linker PC v18.12.4                    
******************************************************************************
>> Linked Sun Oct 11 19:25:44 2020

OUTPUT FILE NAME:   <PhysicalCalcularot.out>
ENTRY POINT SYMBOL: "_c_int00_noargs"  address: 00000991


MEMORY CONFIGURATION

         name            origin    length      used     unused   attr    fill
----------------------  --------  ---------  --------  --------  ----  --------
  FLASH                 00000000   00040000  00000a12  0003f5ee  R  X
  SRAM                  20000000   00008000  0000020e  00007df2  RW X


SEGMENT ALLOCATION MAP

run origin  load origin   length   init length attrs members
----------  ----------- ---------- ----------- ----- -------
00000000    00000000    00000a14   00000a14    r-x
  00000000    00000000    0000026c   0000026c    r-- .intvecs
  0000026c    0000026c    0000077a   0000077a    r-x .text
  000009e6    000009e6    00000010   00000010    r-- .const
  000009f8    000009f8    0000001c   0000001c    r-- .cinit
20000000    20000000    0000020e   00000000    rw-
  20000000    20000000    00000200   00000000    rw- .stack
  20000200    20000200    0000000e   00000000    rw- .data


SECTION ALLOCATION MAP

 output                                  attributes/
section   page    origin      length       input sections
--------  ----  ----------  ----------   ----------------
.intvecs   0    00000000    0000026c     
                  00000000    0000026c     tm4c123gh6pm_startup_ccs.obj (.intvecs)

.text      0    0000026c    0000077a     
                  0000026c    000002e0     Keypad.obj (.text)
                  0000054c    000001a8     main.obj (.text)
                  000006f4    00000118     LCD.obj (.text)
                  0000080c    0000009c     rtsv7M4_T_le_v4SPD16_eabi.lib : memcpy_t2.asm.obj (.text)
                  000008a8    00000068                                   : copy_decompress_lzss.c.obj (.text:decompress:lzss:__TI_decompress_lzss)
                  00000910    00000044                                   : autoinit.c.obj (.text:__TI_auto_init_nobinit_nopinit:__TI_auto_init_nobinit_nopinit)
                  00000954    0000003a     delay.obj (.text)
                  0000098e    00000002     --HOLE-- [fill = 0]
                  00000990    00000034     rtsv7M4_T_le_v4SPD16_eabi.lib : boot_cortex_m.c.obj (.text:_c_int00_noargs:_c_int00_noargs)
                  000009c4    0000000e                                   : copy_decompress_none.c.obj (.text:decompress:none:__TI_decompress_none)
                  000009d2    0000000c     tm4c123gh6pm_startup_ccs.obj (.text)
                  000009de    00000004     rtsv7M4_T_le_v4SPD16_eabi.lib : pre_init.c.obj (.text:_system_pre_init)
                  000009e2    00000004                                   : exit.c.obj (.text:abort:abort)

.const     0    000009e6    00000010     
                  000009e6    00000010     Keypad.obj (.const:$P$T0$1)

.cinit     0    000009f8    0000001c     
                  000009f8    00000009     (.cinit..data.load) [load image, compression = lzss]
                  00000a01    00000003     --HOLE-- [fill = 0]
                  00000a04    00000008     (__TI_handler_table)
                  00000a0c    00000008     (__TI_cinit_table)

.init_array 
*          0    00000000    00000000     UNINITIALIZED

.data      0    20000200    0000000e     UNINITIALIZED
                  20000200    0000000c     main.obj (.data)
                  2000020c    00000002     Keypad.obj (.data)

.stack     0    20000000    00000200     UNINITIALIZED
                  20000000    00000004     rtsv7M4_T_le_v4SPD16_eabi.lib : boot_cortex_m.c.obj (.stack)
                  20000004    000001fc     --HOLE--

MODULE SUMMARY

       Module                         code   ro data   rw data
       ------                         ----   -------   -------
    .\
       tm4c123gh6pm_startup_ccs.obj   12     620       0      
       main.obj                       424    0         12     
    +--+------------------------------+------+---------+---------+
       Total:                         436    620       12     
                                                              
    .\SourceFiles\
       Keypad.obj                     736    16        2      
       LCD.obj                        280    0         0      
       delay.obj                      58     0         0      
    +--+------------------------------+------+---------+---------+
       Total:                         1074   16        2      
                                                              
    C:\ti\ccs930\ccs\tools\compiler\ti-cgt-arm_18.12.4.LTS\lib\rtsv7M4_T_le_v4SPD16_eabi.lib
       memcpy_t2.asm.obj              156    0         0      
       copy_decompress_lzss.c.obj     104    0         0      
       autoinit.c.obj                 68     0         0      
       boot_cortex_m.c.obj            52     0         0      
       copy_decompress_none.c.obj     14     0         0      
       exit.c.obj                     4      0         0      
       pre_init.c.obj                 4      0         0      
    +--+------------------------------+------+---------+---------+
       Total:                         402    0         0      
                                                              
       Stack:                         0      0         512    
       Linker Generated:              0      25        0      
    +--+------------------------------+------+---------+---------+
       Grand Total:                   1912   661       526    


LINKER GENERATED COPY TABLES

__TI_cinit_table @ 00000a0c records: 1, size/record: 8, table size: 8
	.data: load addr=000009f8, load size=00000009 bytes, run addr=20000200, run size=0000000e bytes, compression=lzss


LINKER GENERATED HANDLER TABLE

__TI_handler_table @ 00000a04 records: 2, size/record: 4, table size: 8
	index: 0, handler: __TI_decompress_lzss
	index: 1, handler: __TI_decompress_none


GLOBAL SYMBOLS: SORTED ALPHABETICALLY BY Name 

address   name                          
-------   ----                          
000009e3  C$$EXIT                       
000002e3  KEYPAD_getKey                 
0000026d  KEYPAD_init                   
0000077b  LCD_command                   
000007bd  LCD_data                      
000006f5  LCD_init                      
000003f5  PORTF_init                    
0000042b  RG_LED                        
000009d3  ResetISR                      
20000200  __STACK_END                   
00000200  __STACK_SIZE                  
20000200  __STACK_TOP                   
00000a0c  __TI_CINIT_Base               
00000a14  __TI_CINIT_Limit              
00000a04  __TI_Handler_Table_Base       
00000a0c  __TI_Handler_Table_Limit      
00000911  __TI_auto_init_nobinit_nopinit
000008a9  __TI_decompress_lzss          
000009c5  __TI_decompress_none          
ffffffff  __TI_pprof_out_hndl           
ffffffff  __TI_prof_data_size           
ffffffff  __TI_prof_data_start          
00000000  __TI_static_base__            
0000080d  __aeabi_memcpy                
0000080d  __aeabi_memcpy4               
0000080d  __aeabi_memcpy8               
ffffffff  __binit__                     
ffffffff  __c_args__                    
UNDEFED   __mpu_init                    
20000000  __stack                       
00000991  _c_int00_noargs               
UNDEFED   _system_post_cinit            
000009df  _system_pre_init              
000009e3  abort                         
ffffffff  binit                         
00000955  delay_Us                      
00000000  g_pfnVectors                  
000002bf  keypad_hit                    
0000054d  main                          
0000080d  memcpy                        


GLOBAL SYMBOLS: SORTED BY Symbol Address 

address   name                          
-------   ----                          
00000000  __TI_static_base__            
00000000  g_pfnVectors                  
00000200  __STACK_SIZE                  
0000026d  KEYPAD_init                   
000002bf  keypad_hit                    
000002e3  KEYPAD_getKey                 
000003f5  PORTF_init                    
0000042b  RG_LED                        
0000054d  main                          
000006f5  LCD_init                      
0000077b  LCD_command                   
000007bd  LCD_data                      
0000080d  __aeabi_memcpy                
0000080d  __aeabi_memcpy4               
0000080d  __aeabi_memcpy8               
0000080d  memcpy                        
000008a9  __TI_decompress_lzss          
00000911  __TI_auto_init_nobinit_nopinit
00000955  delay_Us                      
00000991  _c_int00_noargs               
000009c5  __TI_decompress_none          
000009d3  ResetISR                      
000009df  _system_pre_init              
000009e3  C$$EXIT                       
000009e3  abort                         
00000a04  __TI_Handler_Table_Base       
00000a0c  __TI_CINIT_Base               
00000a0c  __TI_Handler_Table_Limit      
00000a14  __TI_CINIT_Limit              
20000000  __stack                       
20000200  __STACK_END                   
20000200  __STACK_TOP                   
ffffffff  __TI_pprof_out_hndl           
ffffffff  __TI_prof_data_size           
ffffffff  __TI_prof_data_start          
ffffffff  __binit__                     
ffffffff  __c_args__                    
ffffffff  binit                         
UNDEFED   __mpu_init                    
UNDEFED   _system_post_cinit            

[40 symbols]
