******************************************************************************
                  TI ARM Linker PC v18.12.4                    
******************************************************************************
>> Linked Sun Oct 11 18:53:18 2020

OUTPUT FILE NAME:   <PhysicalCalcularot.out>
ENTRY POINT SYMBOL: "_c_int00_noargs"  address: 00002d89


MEMORY CONFIGURATION

         name            origin    length      used     unused   attr    fill
----------------------  --------  ---------  --------  --------  ----  --------
  FLASH                 00000000   00040000  00003191  0003ce6f  R  X
  SRAM                  20000000   00008000  000005c2  00007a3e  RW X


SEGMENT ALLOCATION MAP

run origin  load origin   length   init length attrs members
----------  ----------- ---------- ----------- ----- -------
00000000    00000000    00003198   00003198    r-x
  00000000    00000000    0000026c   0000026c    r-- .intvecs
  0000026c    0000026c    00002d84   00002d84    r-x .text
  00002ff0    00002ff0    00000111   00000111    r-- .const
  00003108    00003108    00000090   00000090    r-- .cinit
20000000    20000000    000005c8   00000000    rw-
  20000000    20000000    00000200   00000000    rw- .stack
  20000200    20000200    000001ea   00000000    rw- .data
  200003ec    200003ec    000001c8   00000000    rw- .bss
  200005b8    200005b8    00000010   00000000    rw- .sysmem


SECTION ALLOCATION MAP

 output                                  attributes/
section   page    origin      length       input sections
--------  ----  ----------  ----------   ----------------
.intvecs   0    00000000    0000026c     
                  00000000    0000026c     tm4c123gh6pm_startup_ccs.obj (.intvecs)

.text      0    0000026c    00002d84     
                  0000026c    00000a4e     rtsv7M4_T_le_v4SPD16_eabi.lib : _printfi.c.obj (.text:__TI_printfi)
                  00000cba    00000002                                   : _lock.c.obj (.text:_nop)
                  00000cbc    000002e0     Keypad.obj (.text)
                  00000f9c    00000270     rtsv7M4_T_le_v4SPD16_eabi.lib : _printfi.c.obj (.text:_pconv_a)
                  0000120c    000001d0                                   : _printfi.c.obj (.text:_pconv_g)
                  000013dc    000001b6                                   : fd_add_t2.asm.obj (.text)
                  00001592    00000002                                   : div0.asm.obj (.text)
                  00001594    0000013c                                   : _printfi.c.obj (.text:_pconv_e)
                  000016d0    00000136                                   : fd_div_t2.asm.obj (.text)
                  00001806    00000002     --HOLE-- [fill = 0]
                  00001808    00000124                                   : _printfi.c.obj (.text:fcvt)
                  0000192c    00000118                                   : memory.c.obj (.text:aligned_alloc)
                  00001a44    00000114                                   : fputs.c.obj (.text:fputs)
                  00001b58    00000110                                   : s_scalbn.c.obj (.text:scalbn)
                  00001c68    000000fc                                   : fd_mul_t2.asm.obj (.text)
                  00001d64    000000e4                                   : memory.c.obj (.text:free)
                  00001e48    000000dc                                   : setvbuf.c.obj (.text:setvbuf)
                  00001f24    000000b1                                   : _printfi.c.obj (.text:_ltostr)
                  00001fd5    00000001     --HOLE-- [fill = 0]
                  00001fd6    0000009c                                   : memcpy_t2.asm.obj (.text)
                  00002072    00000096                                   : ull_div_t2.asm.obj (.text)
                  00002108    0000008c                                   : fputc.c.obj (.text:fputc)
                  00002194    00000086                                   : fd_cmp_t2.asm.obj (.text:__aeabi_cdcmple)
                  0000221a    00000086                                   : fd_cmp_t2.asm.obj (.text:__aeabi_cdrcmple)
                  000022a0    0000007a                                   : memset_t2.asm.obj (.text)
                  0000231a    00000002     --HOLE-- [fill = 0]
                  0000231c    00000074                                   : fclose.c.obj (.text:__TI_closefile)
                  00002390    00000070                                   : memory.c.obj (.text:split)
                  00002400    0000006e                                   : _printfi.c.obj (.text:_mcpy)
                  0000246e    00000002     --HOLE-- [fill = 0]
                  00002470    0000006c                                   : hostrename.c.obj (.text:HOSTrename)
                  000024dc    00000068                                   : hostlseek.c.obj (.text:HOSTlseek)
                  00002544    00000068                                   : copy_decompress_lzss.c.obj (.text:decompress:lzss:__TI_decompress_lzss)
                  000025ac    00000068                                   : printf.c.obj (.text:printf)
                  00002614    00000064                                   : s_frexp.c.obj (.text:frexp)
                  00002678    00000064                                   : fseek.c.obj (.text:fseek)
                  000026dc    00000062                                   : _io_perm.c.obj (.text:__TI_wrt_ok)
                  0000273e    00000002     --HOLE-- [fill = 0]
                  00002740    00000060                                   : hostopen.c.obj (.text:HOSTopen)
                  000027a0    0000005c                                   : close.c.obj (.text:close)
                  000027fc    00000058                                   : hostread.c.obj (.text:HOSTread)
                  00002854    00000058                                   : hostwrite.c.obj (.text:HOSTwrite)
                  000028ac    00000056                                   : _printfi.c.obj (.text:_pconv_f)
                  00002902    00000054                                   : ltoa.c.obj (.text:ltoa)
                  00002956    00000002     --HOLE-- [fill = 0]
                  00002958    00000054     main.obj (.text)
                  000029ac    00000052     rtsv7M4_T_le_v4SPD16_eabi.lib : _printfi.c.obj (.text:_ecpy)
                  000029fe    0000004c                                   : fflush.c.obj (.text:__TI_doflush)
                  00002a4a    00000002     --HOLE-- [fill = 0]
                  00002a4c    0000004c                                   : atoi.c.obj (.text:atoi)
                  00002a98    00000048                                   : exit.c.obj (.text:exit)
                  00002ae0    00000048                                   : fd_toi_t2.asm.obj (.text)
                  00002b28    00000044                                   : hostclose.c.obj (.text:HOSTclose)
                  00002b6c    00000044                                   : hostunlink.c.obj (.text:HOSTunlink)
                  00002bb0    00000044                                   : autoinit.c.obj (.text:__TI_auto_init_nobinit_nopinit:__TI_auto_init_nobinit_nopinit)
                  00002bf4    00000044                                   : getdevice.c.obj (.text:getdevice)
                  00002c38    0000003e                                   : _printfi.c.obj (.text:_fcpy)
                  00002c76    0000003a     delay.obj (.text)
                  00002cb0    00000038     rtsv7M4_T_le_v4SPD16_eabi.lib : trgmsg.c.obj (.text:__TI_writemsg)
                  00002ce8    00000036                                   : strncpy.c.obj (.text:strncpy)
                  00002d1e    00000002     --HOLE-- [fill = 0]
                  00002d20    00000034                                   : fopen.c.obj (.text:__TI_cleanup)
                  00002d54    00000034                                   : trgmsg.c.obj (.text:__TI_readmsg)
                  00002d88    00000034                                   : boot_cortex_m.c.obj (.text:_c_int00_noargs:_c_int00_noargs)
                  00002dbc    00000030                                   : getdevice.c.obj (.text:finddevice)
                  00002dec    0000002e                                   : i_tofd_t2.asm.obj (.text)
                  00002e1a    00000002     --HOLE-- [fill = 0]
                  00002e1c    0000002c                                   : unlink.c.obj (.text:unlink)
                  00002e48    00000028                                   : memory.c.obj (.text:free_list_insert)
                  00002e70    00000028                                   : lseek.c.obj (.text:lseek)
                  00002e98    00000028                                   : write.c.obj (.text:write)
                  00002ec0    00000020                                   : memchr.c.obj (.text:memchr)
                  00002ee0    0000001c                                   : copy_zero_init.c.obj (.text:decompress:ZI:__TI_zero_init_nomemset:__TI_zero_init_nomemset)
                  00002efc    0000001c                                   : memory.c.obj (.text:free_list_remove)
                  00002f18    0000001c                                   : memccpy.c.obj (.text:memccpy)
                  00002f34    0000001a                                   : s_copysign.c.obj (.text:copysign)
                  00002f4e    00000018                                   : strcmp.c.obj (.text:strcmp)
                  00002f66    00000016                                   : strchr.c.obj (.text:strchr)
                  00002f7c    00000014                                   : strcpy.c.obj (.text:strcpy)
                  00002f90    00000014                                   : strlen.c.obj (.text:strlen)
                  00002fa4    00000012                                   : wcslen.c.obj (.text:wcslen)
                  00002fb6    0000000e                                   : copy_decompress_none.c.obj (.text:decompress:none:__TI_decompress_none)
                  00002fc4    0000000c     tm4c123gh6pm_startup_ccs.obj (.text)
                  00002fd0    00000008     rtsv7M4_T_le_v4SPD16_eabi.lib : errno.c.obj (.text:__aeabi_errno_addr)
                  00002fd8    00000008                                   : memory.c.obj (.text:malloc)
                  00002fe0    00000004                                   : printf.c.obj (.text:_outc)
                  00002fe4    00000004                                   : printf.c.obj (.text:_outs)
                  00002fe8    00000004                                   : pre_init.c.obj (.text:_system_pre_init)
                  00002fec    00000004                                   : exit.c.obj (.text:abort:abort)

.const     0    00002ff0    00000111     
                  00002ff0    00000101     rtsv7M4_T_le_v4SPD16_eabi.lib : ctype.c.obj (.const:.string:_ctypes_)
                  000030f1    00000010     Keypad.obj (.const:$P$T0$1)

.cinit     0    00003108    00000090     
                  00003108    00000066     (.cinit..data.load) [load image, compression = lzss]
                  0000316e    00000002     --HOLE-- [fill = 0]
                  00003170    0000000c     (__TI_handler_table)
                  0000317c    00000004     --HOLE-- [fill = 0]
                  00003180    00000008     (.cinit..bss.load) [load image, compression = zero_init]
                  00003188    00000010     (__TI_cinit_table)

.init_array 
*          0    00000000    00000000     UNINITIALIZED

.stack     0    20000000    00000200     UNINITIALIZED
                  20000000    00000004     rtsv7M4_T_le_v4SPD16_eabi.lib : boot_cortex_m.c.obj (.stack)
                  20000004    000001fc     --HOLE--

.data      0    20000200    000001ea     UNINITIALIZED
                  20000200    000000f0     rtsv7M4_T_le_v4SPD16_eabi.lib : defs.c.obj (.data:_ftable)
                  200002f0    00000078                                   : host_device.c.obj (.data:_device)
                  20000368    00000050                                   : host_device.c.obj (.data:_stream)
                  200003b8    00000010                                   : defs.c.obj (.data)
                  200003c8    0000000c                                   : exit.c.obj (.data:$O1$$)
                  200003d4    00000008                                   : _lock.c.obj (.data:$O1$$)
                  200003dc    00000008                                   : memory.c.obj (.data:$O1$$)
                  200003e4    00000004                                   : errno.c.obj (.data)
                  200003e8    00000002     Keypad.obj (.data)

.bss       0    200003ec    000001c8     UNINITIALIZED
                  200003ec    00000120     rtsv7M4_T_le_v4SPD16_eabi.lib : trgmsg.c.obj (.bss:_CIOBUF_)
                  2000050c    000000a0     (.common:__TI_tmpnams)
                  200005ac    00000008     (.common:parmbuf)

.sysmem    0    200005b8    00000010     UNINITIALIZED
                  200005b8    00000010     rtsv7M4_T_le_v4SPD16_eabi.lib : memory.c.obj (.sysmem)

MODULE SUMMARY

       Module                         code    ro data   rw data
       ------                         ----    -------   -------
    .\
       tm4c123gh6pm_startup_ccs.obj   12      620       0      
       main.obj                       84      0         0      
    +--+------------------------------+-------+---------+---------+
       Total:                         96      620       0      
                                                               
    .\SourceFiles\
       Keypad.obj                     736     16        2      
       delay.obj                      58      0         0      
    +--+------------------------------+-------+---------+---------+
       Total:                         794     16        2      
                                                               
    C:\ti\ccs930\ccs\tools\compiler\ti-cgt-arm_18.12.4.LTS\lib\rtsv7M4_T_le_v4SPD16_eabi.lib
       _printfi.c.obj                 4851    0         0      
       memory.c.obj                   696     0         8      
       fd_add_t2.asm.obj              438     0         0      
       defs.c.obj                     0       0         416    
       trgmsg.c.obj                   108     0         288    
       fd_div_t2.asm.obj              310     0         0      
       fputs.c.obj                    276     0         0      
       s_scalbn.c.obj                 272     0         0      
       fd_cmp_t2.asm.obj              268     0         0      
       ctype.c.obj                    0       257       0      
       fd_mul_t2.asm.obj              252     0         0      
       setvbuf.c.obj                  220     0         0      
       host_device.c.obj              0       0         200    
       memcpy_t2.asm.obj              156     0         0      
       ull_div_t2.asm.obj             150     0         0      
       fputc.c.obj                    140     0         0      
       memset_t2.asm.obj              122     0         0      
       fclose.c.obj                   116     0         0      
       getdevice.c.obj                116     0         0      
       printf.c.obj                   112     0         0      
       hostrename.c.obj               108     0         0      
       copy_decompress_lzss.c.obj     104     0         0      
       hostlseek.c.obj                104     0         0      
       hostopen.c.obj                 96      0         8      
       fseek.c.obj                    100     0         0      
       s_frexp.c.obj                  100     0         0      
       _io_perm.c.obj                 98      0         0      
       close.c.obj                    92      0         0      
       exit.c.obj                     76      0         12     
       hostread.c.obj                 88      0         0      
       hostwrite.c.obj                88      0         0      
       ltoa.c.obj                     84      0         0      
       atoi.c.obj                     76      0         0      
       fflush.c.obj                   76      0         0      
       fd_toi_t2.asm.obj              72      0         0      
       autoinit.c.obj                 68      0         0      
       hostclose.c.obj                68      0         0      
       hostunlink.c.obj               68      0         0      
       strncpy.c.obj                  54      0         0      
       boot_cortex_m.c.obj            52      0         0      
       fopen.c.obj                    52      0         0      
       i_tofd_t2.asm.obj              46      0         0      
       unlink.c.obj                   44      0         0      
       lseek.c.obj                    40      0         0      
       write.c.obj                    40      0         0      
       memchr.c.obj                   32      0         0      
       copy_zero_init.c.obj           28      0         0      
       memccpy.c.obj                  28      0         0      
       s_copysign.c.obj               26      0         0      
       strcmp.c.obj                   24      0         0      
       strchr.c.obj                   22      0         0      
       strcpy.c.obj                   20      0         0      
       strlen.c.obj                   20      0         0      
       wcslen.c.obj                   18      0         0      
       copy_decompress_none.c.obj     14      0         0      
       errno.c.obj                    8       0         4      
       _lock.c.obj                    2       0         8      
       pre_init.c.obj                 4       0         0      
       div0.asm.obj                   2       0         0      
    +--+------------------------------+-------+---------+---------+
       Total:                         10745   257       944    
                                                               
       Heap:                          0       0         16     
       Stack:                         0       0         512    
       Linker Generated:              0       138       0      
    +--+------------------------------+-------+---------+---------+
       Grand Total:                   11635   1031      1474   


LINKER GENERATED COPY TABLES

__TI_cinit_table @ 00003188 records: 2, size/record: 8, table size: 16
	.data: load addr=00003108, load size=00000066 bytes, run addr=20000200, run size=000001ea bytes, compression=lzss
	.bss: load addr=00003180, load size=00000008 bytes, run addr=200003ec, run size=000001c8 bytes, compression=zero_init


LINKER GENERATED HANDLER TABLE

__TI_handler_table @ 00003170 records: 3, size/record: 4, table size: 12
	index: 0, handler: __TI_decompress_lzss
	index: 1, handler: __TI_decompress_none
	index: 2, handler: __TI_zero_init


GLOBAL SYMBOLS: SORTED ALPHABETICALLY BY Name 

address   name                           
-------   ----                           
00002fed  C$$EXIT                        
00002cdf  C$$IO$$                        
00002b29  HOSTclose                      
000024dd  HOSTlseek                      
00002741  HOSTopen                       
000027fd  HOSTread                       
00002471  HOSTrename                     
00002b6d  HOSTunlink                     
00002855  HOSTwrite                      
00000d33  KEYPAD_getKey                  
00000cbd  KEYPAD_init                    
00000e45  PORTF_init                     
00000e7b  RG_LED                         
00002fc5  ResetISR                       
200003ec  __CIOBUF_                      
20000200  __STACK_END                    
00000200  __STACK_SIZE                   
20000200  __STACK_TOP                    
00000010  __SYSMEM_SIZE                  
00003188  __TI_CINIT_Base                
00003198  __TI_CINIT_Limit               
00003170  __TI_Handler_Table_Base        
0000317c  __TI_Handler_Table_Limit       
00002bb1  __TI_auto_init_nobinit_nopinit 
00002d21  __TI_cleanup                   
200003c8  __TI_cleanup_ptr               
0000231d  __TI_closefile                 
00002545  __TI_decompress_lzss           
00002fb7  __TI_decompress_none           
000029ff  __TI_doflush                   
200003cc  __TI_dtors_ptr                 
200003d0  __TI_enable_exit_profile_output
200003b8  __TI_ft_end                    
ffffffff  __TI_pprof_out_hndl            
0000026d  __TI_printfi                   
ffffffff  __TI_prof_data_size            
ffffffff  __TI_prof_data_start           
00002d55  __TI_readmsg                   
00000000  __TI_static_base__             
2000050c  __TI_tmpnams                   
00002cb1  __TI_writemsg                  
000026dd  __TI_wrt_ok                    
00002ee1  __TI_zero_init_nomemset        
00002195  __aeabi_cdcmpeq                
00002195  __aeabi_cdcmple                
0000221b  __aeabi_cdrcmple               
00002ae1  __aeabi_d2iz                   
000013e7  __aeabi_dadd                   
000016d1  __aeabi_ddiv                   
00001c69  __aeabi_dmul                   
000013dd  __aeabi_dsub                   
00002fd1  __aeabi_errno_addr             
00002ded  __aeabi_i2d                    
00001593  __aeabi_idiv0                  
00001593  __aeabi_ldiv0                  
000022a1  __aeabi_memclr                 
000022a1  __aeabi_memclr4                
000022a1  __aeabi_memclr8                
00001fd7  __aeabi_memcpy                 
00001fd7  __aeabi_memcpy4                
00001fd7  __aeabi_memcpy8                
000022a3  __aeabi_memset                 
000022a3  __aeabi_memset4                
000022a3  __aeabi_memset8                
200003c4  __aeabi_stderr                 
200003bc  __aeabi_stdin                  
200003c0  __aeabi_stdout                 
00002073  __aeabi_uldivmod               
ffffffff  __binit__                      
ffffffff  __c_args__                     
UNDEFED   __mpu_init                     
20000000  __stack                        
00002d89  _c_int00_noargs                
00002ff0  _ctypes_                       
200002f0  _device                        
20000200  _ftable                        
200003d4  _lock                          
00000cbb  _nop                           
20000368  _stream                        
200005b8  _sys_memory                    
UNDEFED   _system_post_cinit             
00002fe9  _system_pre_init               
200003d8  _unlock                        
00002fed  abort                          
0000192d  aligned_alloc                  
00002a4d  atoi                           
ffffffff  binit                          
000027a1  close                          
00002f35  copysign                       
00002f35  copysignl                      
00002c77  delay_Us                       
200003e4  errno                          
00002a99  exit                           
00002dbd  finddevice                     
00002109  fputc                          
00001a45  fputs                          
00001d65  free                           
00002615  frexp                          
00002615  frexpl                         
00002679  fseek                          
00000000  g_pfnVectors                   
00002bf5  getdevice                      
00000d0f  keypad_hit                     
00001b59  ldexp                          
00001b59  ldexpl                         
00002e71  lseek                          
00002903  ltoa                           
00002959  main                           
00002fd9  malloc                         
0000192d  memalign                       
00002f19  memccpy                        
00002ec1  memchr                         
00001fd7  memcpy                         
000022a9  memset                         
200005ac  parmbuf                        
000025ad  printf                         
00002109  putc                           
00002e1d  remove                         
00001b59  scalbn                         
00001b59  scalbnl                        
00001e49  setvbuf                        
00002f67  strchr                         
00002f4f  strcmp                         
00002f7d  strcpy                         
00002f91  strlen                         
00002ce9  strncpy                        
00002e1d  unlink                         
00002fa5  wcslen                         
00002e99  write                          


GLOBAL SYMBOLS: SORTED BY Symbol Address 

address   name                           
-------   ----                           
00000000  __TI_static_base__             
00000000  g_pfnVectors                   
00000010  __SYSMEM_SIZE                  
00000200  __STACK_SIZE                   
0000026d  __TI_printfi                   
00000cbb  _nop                           
00000cbd  KEYPAD_init                    
00000d0f  keypad_hit                     
00000d33  KEYPAD_getKey                  
00000e45  PORTF_init                     
00000e7b  RG_LED                         
000013dd  __aeabi_dsub                   
000013e7  __aeabi_dadd                   
00001593  __aeabi_idiv0                  
00001593  __aeabi_ldiv0                  
000016d1  __aeabi_ddiv                   
0000192d  aligned_alloc                  
0000192d  memalign                       
00001a45  fputs                          
00001b59  ldexp                          
00001b59  ldexpl                         
00001b59  scalbn                         
00001b59  scalbnl                        
00001c69  __aeabi_dmul                   
00001d65  free                           
00001e49  setvbuf                        
00001fd7  __aeabi_memcpy                 
00001fd7  __aeabi_memcpy4                
00001fd7  __aeabi_memcpy8                
00001fd7  memcpy                         
00002073  __aeabi_uldivmod               
00002109  fputc                          
00002109  putc                           
00002195  __aeabi_cdcmpeq                
00002195  __aeabi_cdcmple                
0000221b  __aeabi_cdrcmple               
000022a1  __aeabi_memclr                 
000022a1  __aeabi_memclr4                
000022a1  __aeabi_memclr8                
000022a3  __aeabi_memset                 
000022a3  __aeabi_memset4                
000022a3  __aeabi_memset8                
000022a9  memset                         
0000231d  __TI_closefile                 
00002471  HOSTrename                     
000024dd  HOSTlseek                      
00002545  __TI_decompress_lzss           
000025ad  printf                         
00002615  frexp                          
00002615  frexpl                         
00002679  fseek                          
000026dd  __TI_wrt_ok                    
00002741  HOSTopen                       
000027a1  close                          
000027fd  HOSTread                       
00002855  HOSTwrite                      
00002903  ltoa                           
00002959  main                           
000029ff  __TI_doflush                   
00002a4d  atoi                           
00002a99  exit                           
00002ae1  __aeabi_d2iz                   
00002b29  HOSTclose                      
00002b6d  HOSTunlink                     
00002bb1  __TI_auto_init_nobinit_nopinit 
00002bf5  getdevice                      
00002c77  delay_Us                       
00002cb1  __TI_writemsg                  
00002cdf  C$$IO$$                        
00002ce9  strncpy                        
00002d21  __TI_cleanup                   
00002d55  __TI_readmsg                   
00002d89  _c_int00_noargs                
00002dbd  finddevice                     
00002ded  __aeabi_i2d                    
00002e1d  remove                         
00002e1d  unlink                         
00002e71  lseek                          
00002e99  write                          
00002ec1  memchr                         
00002ee1  __TI_zero_init_nomemset        
00002f19  memccpy                        
00002f35  copysign                       
00002f35  copysignl                      
00002f4f  strcmp                         
00002f67  strchr                         
00002f7d  strcpy                         
00002f91  strlen                         
00002fa5  wcslen                         
00002fb7  __TI_decompress_none           
00002fc5  ResetISR                       
00002fd1  __aeabi_errno_addr             
00002fd9  malloc                         
00002fe9  _system_pre_init               
00002fed  C$$EXIT                        
00002fed  abort                          
00002ff0  _ctypes_                       
00003170  __TI_Handler_Table_Base        
0000317c  __TI_Handler_Table_Limit       
00003188  __TI_CINIT_Base                
00003198  __TI_CINIT_Limit               
20000000  __stack                        
20000200  __STACK_END                    
20000200  __STACK_TOP                    
20000200  _ftable                        
200002f0  _device                        
20000368  _stream                        
200003b8  __TI_ft_end                    
200003bc  __aeabi_stdin                  
200003c0  __aeabi_stdout                 
200003c4  __aeabi_stderr                 
200003c8  __TI_cleanup_ptr               
200003cc  __TI_dtors_ptr                 
200003d0  __TI_enable_exit_profile_output
200003d4  _lock                          
200003d8  _unlock                        
200003e4  errno                          
200003ec  __CIOBUF_                      
2000050c  __TI_tmpnams                   
200005ac  parmbuf                        
200005b8  _sys_memory                    
ffffffff  __TI_pprof_out_hndl            
ffffffff  __TI_prof_data_size            
ffffffff  __TI_prof_data_start           
ffffffff  __binit__                      
ffffffff  __c_args__                     
ffffffff  binit                          
UNDEFED   __mpu_init                     
UNDEFED   _system_post_cinit             

[129 symbols]
